		LINK EDITOR MEMORY MAP


output		input		virtual
section		section		address		size

.MIPS.options                          0              28
		.MIPS.options          0              28 *ld_internal*

.reginfo                               0              18
		.reginfo               0              18 *ld_internal*

.data                                  0           531c0
		.data                  0             cc0 DEBUG/debug.o
		.data                cc0              70 arrow/arrow_flick.o
		.data                d30              60 arrow/arrow_hit.o
		.data                d90            1ca0 arrow/arrow_hit_mdl.o
		.data               2a30             800 blure_txt/g_bow_blure.o
		.data               3230            10d0 bom/bom_body.o
		.data               4300             220 bom/bom_handle.o
		.data               4520             470 bom_chu/bom_chu.o
		.data               4990            4120 bombB/bombB.o
		.data               8ab0              c0 bomb_fragment/bomb_fragment.o
		.data               8b70             200 bomb_fragment/tex2.o
		.data               8d70             4c0 boomerang/boomerang.o
		.data               9230              60 compas/compas2.o
		.data               9290             400 compas/mark.o
		.data               9690              40 compas/mark_tex.o
		.data               96d0             100 compas/tetra.o
		.data               97d0             300 cursor/cursor.o
		.data               9ad0             280 ddan_hahen/ddanh_hahen.o
		.data               9d50             1a0 ddan_hahen/stone3.o
		.data               9ef0            1000 ddan_hahen/tex.o
		.data               aef0              f0 door/clink_demo_doorA_door.o
		.data               afe0              e0 door/clink_demo_doorB_door.o
		.data               b0c0              c0 door/link_demo_doorA_door.o
		.data               b180            1810 door/link_demo_doorA_door_mdl.o
		.data               c990              d0 door/link_demo_doorB_door.o
		.data               ca60              a0 dustA/dustA.o
		.data               cb00            1140 efc_flash/efc_flash.o
		.data               dc40            1580 efc_sword_kaiten/efc_sword_kaiten.o
		.data               f1c0             580 efc_sword_kaiten/efc_sword_kaiten2.o
		.data               f740             9d0 efc_sword_kaiten/efc_sword_tame.o
		.data              10110            13f0 efc_sword_kaiten/efc_sword_tuki.o
		.data              11500              d0 elf/elf_fly.o
		.data              115d0            1e90 elf/elf_fly_mdl.o
		.data              13460              80 env_texture/hi_light.o
		.data              134e0             100 env_texture/hi_right.o
		.data              135e0             800 env_texture/silverI_env.o
		.data              13de0            11d0 f_circle/OB_F_firecircle.o
		.data              14fb0              70 fish/fs2_jump.o
		.data              15020             9e0 fish/fs2_jump_mdl.o
		.data              15a00              c0 fish/fs2_swim.o
		.data              15ac0            10b0 g_blast/g_blast.o
		.data              16b70              c0 g_bubble/g_bubble.o
		.data              16c30            20a0 g_fire/g_fire.o
		.data              18cd0            20b0 g_goma1/g_goma1.o
		.data              1ad80            1000 g_grass/g_grass.o
		.data              1bd80            24a0 g_hit/g_hit.o
		.data              1e220            2000 g_m_fire1/m_fire1.o
		.data              20220             ca0 g_magma/g_magma.o
		.data              20ec0            10a0 g_ripple/g_ripple.o
		.data              21f60              a0 g_spark/g_spark.o
		.data              22000            28a0 g_splash/g_splash2.o
		.data              248a0            20a0 g_stone1/g_stone1.o
		.data              26940            30b0 g_thunder/g_thunder.o
		.data              299f0            50b0 g_vanish1/g_vanish1.o
		.data              2eaa0            1400 getitem/getitem_keep_txt.o
		.data              2fea0             480 ice/ice_piece.o
		.data              30320             740 ice/link_ice.o
		.data              30a60             1c0 insect/insect_move.o
		.data              30c20            1390 insect/insect_move_mdl.o
		.data              31fb0              d0 kusa/obj_ha_down.o
		.data              32080              c0 kusa/obj_ha_up.o
		.data              32140            1000 kusa/tex.o
		.data              33140            1110 lensflare/lensflare.o
		.data              34250              a0 lightA/efc_flash_s.o
		.data              342f0              80 lightA/tex.o
		.data              34370             5a0 link_hover/efc_link_hover.o
		.data              34910            10b0 moon/moon.o
		.data              359c0             400 mw_point/efc_mw_point.o
		.data              35dc0             130 objects/dam_brick_3_bgc.o
		.data              35ef0             230 objects/field_b1.o
		.data              36120             230 objects/field_b2.o
		.data              36350             140 objects/field_b2_bgc.o
		.data              36490             240 objects/field_b3.o
		.data              366d0             130 objects/field_b3_bgc.o
		.data              36800             230 objects/field_b4.o
		.data              36a30             130 objects/field_b4_bgc.o
		.data              36b60             230 objects/field_b5.o
		.data              36d90             130 objects/field_b5_bgc.o
		.data              36ec0             240 objects/field_b6.o
		.data              37100             130 objects/field_b6_bgc.o
		.data              37230             2a0 objects/field_kabu.o
		.data              374d0             170 objects/field_kusa.o
		.data              37640             5b0 objects/gi_hp.o
		.data              37bf0             c00 objects/heart.o
		.data              387f0             500 objects/kanban1.o
		.data              38cf0             590 objects/kanban2.o
		.data              39280             800 objects/n_arrow20.o
		.data              39a80             800 objects/n_arrow5.o
		.data              3a280             800 objects/n_arrow50.o
		.data              3aa80             800 objects/n_bomb.o
		.data              3b280             800 objects/n_heart.o
		.data              3ba80              d0 objects/n_item.o
		.data              3bb50             800 objects/n_key.o
		.data              3c350             800 objects/n_kusuritubo.o
		.data              3cb50             800 objects/n_nuts.o
		.data              3d350             800 objects/n_seed.o
		.data              3db50             800 objects/n_stick.o
		.data              3e350             800 objects/n_tuboL.o
		.data              3eb50             3d0 objects/rupee.o
		.data              3ef20              20 objects/tex.o
		.data              3ef40            4000 objects/tex2.o
		.data              42f40            1c00 objects/tex5.o
		.data              44b40              50 rain/ame.o
		.data              44b90            1090 shadow/foot_shadow.o
		.data              45c20             880 shadow/shadow.o
		.data              464a0              90 shadow/shadow_h.o
		.data              46530             400 shadow/tex.o
		.data              46930             170 shutter/n_door.o
		.data              46aa0            10d0 shutter/tetugousi.o
		.data              47b70            1000 shutter/tex.o
		.data              48b70            12f0 sun/sun.o
		.data              49e60              50 target/target.o
		.data              49eb0            11c0 torch4/torch4.o
		.data              4b070             fe0 FUKIDASI/Ikari/fukidashi_ikari.o
		.data              4c050             fd0 FUKIDASI/Kumo/fukidashi_kumo.o
		.data              4d020             fa0 FUKIDASI/Maru/fukidashi_maru.o
		.data              4dfc0             800 blure_txt/DELETE/g_bow_test.o
		.data              4e7c0             400 dustA/ANIME_TEXTURE/smoke1_1.o
		.data              4ebc0             400 dustA/ANIME_TEXTURE/smoke1_2.o
		.data              4efc0             400 dustA/ANIME_TEXTURE/smoke1_3.o
		.data              4f3c0             400 dustA/ANIME_TEXTURE/smoke1_4.o
		.data              4f7c0             400 dustA/ANIME_TEXTURE/smoke1_5.o
		.data              4fbc0             400 dustA/ANIME_TEXTURE/smoke1_6.o
		.data              4ffc0             400 dustA/ANIME_TEXTURE/smoke1_7.o
		.data              503c0             400 dustA/ANIME_TEXTURE/smoke1_8.o
		.data              507c0             800 elf/ANIME_TEXTURE/elf_layA0.o
		.data              50fc0             800 elf/ANIME_TEXTURE/elf_layA1.o
		.data              517c0             800 elf/ANIME_TEXTURE/elf_layB0.o
		.data              51fc0             800 elf/ANIME_TEXTURE/elf_layB1.o
		.data              527c0             100 g_bubble/TEXTURE/g_bubble2.o
		.data              528c0             100 g_bubble/TEXTURE/g_bubble4.o
		.data              529c0             200 g_spark/ANIME_TEXTURE/g_spark_0.o
		.data              52bc0             200 g_spark/ANIME_TEXTURE/g_spark_1.o
		.data              52dc0             200 g_spark/ANIME_TEXTURE/g_spark_2.o
		.data              52fc0             200 g_spark/ANIME_TEXTURE/g_spark_3.o

.strtab                                0            1918
		.strtab                0            1918 *ld_internal*

.symtab                                0            1a90
		.symtab                0            1a90 *ld_internal*

.mdebug                                0           11c24
		.mdebug                0           11c24 *ld_internal*

.rel.data                              0             f28
		.rel.data              0              38 DEBUG/debug.o
		.rel.data             38              10 arrow/arrow_flick.o
		.rel.data             48              10 arrow/arrow_hit.o
		.rel.data             58              b0 arrow/arrow_hit_mdl.o
		.rel.data            108              10 bom/bom_body.o
		.rel.data            118              18 bom/bom_handle.o
		.rel.data            130              28 bom_chu/bom_chu.o
		.rel.data            158              20 bombB/bombB.o
		.rel.data            178              10 bomb_fragment/bomb_fragment.o
		.rel.data            188              30 boomerang/boomerang.o
		.rel.data            1b8               8 compas/compas2.o
		.rel.data            1c0              20 compas/mark.o
		.rel.data            1e0               8 compas/tetra.o
		.rel.data            1e8              20 ddan_hahen/ddanh_hahen.o
		.rel.data            208              10 ddan_hahen/stone3.o
		.rel.data            218              10 door/clink_demo_doorA_door.o
		.rel.data            228              10 door/clink_demo_doorB_door.o
		.rel.data            238              10 door/link_demo_doorA_door.o
		.rel.data            248              c0 door/link_demo_doorA_door_mdl.o
		.rel.data            308              10 door/link_demo_doorB_door.o
		.rel.data            318              10 dustA/dustA.o
		.rel.data            328              20 efc_flash/efc_flash.o
		.rel.data            348              40 efc_sword_kaiten/efc_sword_kaiten.o
		.rel.data            388              40 efc_sword_kaiten/efc_sword_kaiten2.o
		.rel.data            3c8              20 efc_sword_kaiten/efc_sword_tame.o
		.rel.data            3e8              28 efc_sword_kaiten/efc_sword_tuki.o
		.rel.data            410              10 elf/elf_fly.o
		.rel.data            420             138 elf/elf_fly_mdl.o
		.rel.data            558              20 f_circle/OB_F_firecircle.o
		.rel.data            578              10 fish/fs2_jump.o
		.rel.data            588              a0 fish/fs2_jump_mdl.o
		.rel.data            628              10 fish/fs2_swim.o
		.rel.data            638              10 g_blast/g_blast.o
		.rel.data            648              18 g_bubble/g_bubble.o
		.rel.data            660              10 g_fire/g_fire.o
		.rel.data            670              18 g_goma1/g_goma1.o
		.rel.data            688              10 g_hit/g_hit.o
		.rel.data            698              10 g_magma/g_magma.o
		.rel.data            6a8              10 g_ripple/g_ripple.o
		.rel.data            6b8              10 g_spark/g_spark.o
		.rel.data            6c8              10 g_splash/g_splash2.o
		.rel.data            6d8              18 g_stone1/g_stone1.o
		.rel.data            6f0              10 g_thunder/g_thunder.o
		.rel.data            700              18 g_vanish1/g_vanish1.o
		.rel.data            718              50 ice/ice_piece.o
		.rel.data            768              30 ice/link_ice.o
		.rel.data            798              10 insect/insect_move.o
		.rel.data            7a8             228 insect/insect_move_mdl.o
		.rel.data            9d0              10 kusa/obj_ha_down.o
		.rel.data            9e0              10 kusa/obj_ha_up.o
		.rel.data            9f0              20 lensflare/lensflare.o
		.rel.data            a10              10 lightA/efc_flash_s.o
		.rel.data            a20              20 link_hover/efc_link_hover.o
		.rel.data            a40              18 moon/moon.o
		.rel.data            a58              20 objects/dam_brick_3_bgc.o
		.rel.data            a78              10 objects/field_b1.o
		.rel.data            a88              10 objects/field_b2.o
		.rel.data            a98              20 objects/field_b2_bgc.o
		.rel.data            ab8              10 objects/field_b3.o
		.rel.data            ac8              20 objects/field_b3_bgc.o
		.rel.data            ae8              10 objects/field_b4.o
		.rel.data            af8              20 objects/field_b4_bgc.o
		.rel.data            b18              10 objects/field_b5.o
		.rel.data            b28              20 objects/field_b5_bgc.o
		.rel.data            b48              10 objects/field_b6.o
		.rel.data            b58              20 objects/field_b6_bgc.o
		.rel.data            b78              20 objects/field_kabu.o
		.rel.data            b98              18 objects/field_kusa.o
		.rel.data            bb0              30 objects/gi_hp.o
		.rel.data            be0              40 objects/heart.o
		.rel.data            c20              70 objects/kanban1.o
		.rel.data            c90              78 objects/kanban2.o
		.rel.data            d08              18 objects/n_item.o
		.rel.data            d20              20 objects/rupee.o
		.rel.data            d40               8 rain/ame.o
		.rel.data            d48              10 shadow/foot_shadow.o
		.rel.data            d58              10 shadow/shadow.o
		.rel.data            d68              10 shadow/shadow_h.o
		.rel.data            d78              20 shutter/n_door.o
		.rel.data            d98              10 shutter/tetugousi.o
		.rel.data            da8              50 sun/sun.o
		.rel.data            df8               8 target/target.o
		.rel.data            e00              40 torch4/torch4.o
		.rel.data            e40              50 FUKIDASI/Ikari/fukidashi_ikari.o
		.rel.data            e90              48 FUKIDASI/Kumo/fukidashi_kumo.o
		.rel.data            ed8              50 FUKIDASI/Maru/fukidashi_maru.o

.shstrtab                              0              4a
		.shstrtab              0              4a *ld_internal*
